[curriculum] run=scratchpad/p8c/runs2/20260929-194013 smoke=True ram_gb=1.0
[curriculum] stage 9 Self-correction: error |  | FileNotFoundError: stage 9 needs the stage 8/6 checkpoint (artifact ckpt.pt) or stage config gen_ckpt
[curriculum] stopped: stage 9 error: FileNotFoundError: stage 9 needs the stage 8/6 checkpoint (artifact ckpt.pt) or stage config gen_ckpt
        2.16 real         1.20 user         0.46 sys
           220971008  maximum resident set size
                   0  average shared memory size
                   0  average unshared data size
                   0  average unshared stack size
               30666  page reclaims
                3989  page faults
                   0  swaps
                   0  block input operations
                   0  block output operations
                   1  messages sent
                   1  messages received
                   1  signals received
                1805  voluntary context switches
                3918  involuntary context switches
           181077489  instructions retired
           111834022  cycles elapsed
            12371136  peak memory footprint
