STATUS error RuntimeError: 
        An attempt has been made to start a new process before the
        current process has finished its bootstrapping phase.

        This probably means that you are not using fork to start your
        child processes and you have forgotten to use the proper idiom
        in the main module:

            if __name__ == '__main__':
                freeze_support()
                ...

        The "freeze_support()" line can be omitted if the program
        is not going to be frozen to produce an executable.

        To fix this issue, refer to the "Safe importing of main module"
        section in https://docs.python.org/3/library/multiprocessing.html time 1.3
{}
null
artifacts []
STATUS error RuntimeError: 
        An attempt has been made to start a new process before the
        current process has finished its bootstrapping phase.

        This probably means that you are not using fork to start your
        child processes and you have forgotten to use the proper idiom
        in the main module:

            if __name__ == '__main__':
                freeze_support()
                ...

        The "freeze_support()" line can be omitted if the program
        is not going to be frozen to produce an executable.

        To fix this issue, refer to the "Safe importing of main module"
        section in https://docs.python.org/3/library/multiprocessing.html time 1.3
{}
null
artifacts []
STATUS error RuntimeError: 
        An attempt has been made to start a new process before the
        current process has finished its bootstrapping phase.

        This probably means that you are not using fork to start your
        child processes and you have forgotten to use the proper idiom
        in the main module:

            if __name__ == '__main__':
                freeze_support()
                ...

        The "freeze_support()" line can be omitted if the program
        is not going to be frozen to produce an executable.

        To fix this issue, refer to the "Safe importing of main module"
        section in https://docs.python.org/3/library/multiprocessing.html time 1.3
{}
null
artifacts []
STATUS passed None time 11.4
{"key_accuracy": 0.0, "unintended_rate": 0.8333333333333334, "episodes": 6, "warm_start": null, "best_checkpoint": "scratchpad/p8b/run1/stage1/best_model.zip", "smoke": true, "status": "key_acc=0.0 unintended=0.8333333333333334 gate=relaxed (smoke, NOT a real gate) real_pass=False", "gate_detail": {"key_accuracy": {"metric": "key_accuracy", "value": 0.0, "threshold": 0.95, "op": "ge", "ok": false}, "unintended_rate_max": {"metric": "unintended_rate", "value": 0.8333333333333334, "threshold": 0.01, "op": "le", "ok": false}}, "real_gate_passed": false, "gate_mode": "relaxed (smoke, NOT a real gate)"}
[{"phase": "keys8", "pool": 8, "warm_start": null, "bc": {"episodes": 12, "transitions": 134, "expert_exact_while_collecting": 1.0, "epochs": 2, "mse_first": 0.27474138140678406, "mse_last": 0.24142663180828094}, "ppo_timesteps": 128, "seconds": 2.9, "ckpt": "scratchpad/p8b/run1/stage1/phase0_keys8.zip", "eval": {"key_accuracy": 0.0, "unintended_rate": 0.8333333333333334, "episodes": 6}}, {"phase": "keys26", "pool": 26, "bc": {"episodes": 12, "transitions": 163, "expert_exact_while_collecting": 1.0, "epochs": 2, "mse_first": 0.22112086415290833, "mse_last": 0.20217382907867432}, "ppo_timesteps": 128, "seconds": 3.0, "ckpt": "scratchpad/p8b/run1/stage1/phase1_keys26.zip", "eval": {"key_accuracy": 0.0, "unintended_rate": 0.8333333333333334, "episodes": 6}}, {"phase": "keys_full", "pool": 58, "bc": {"episodes": 12, "transitions": 171, "expert_exact_while_collecting": 1.0, "epochs": 2, "mse_first": 0.20418094098567963, "mse_last": 0.18463389575481415}, "ppo_timesteps": 128, "seconds": 3.1, "ckpt": "scratchpad/p8b/run1/stage1/phase2_keys_full.zip", "eval": {"key_accuracy": 0.0, "unintended_rate": 0.8333333333333334, "episodes": 6}}]
artifacts ['scratchpad/p8b/run1/stage1/best_model.zip']
       11.89 real        10.34 user         1.37 sys
           388792320  maximum resident set size
                   0  average shared memory size
                   0  average unshared data size
                   0  average unshared stack size
              225712  page reclaims
                3682  page faults
                   0  swaps
                   0  block input operations
                   0  block output operations
                   1  messages sent
                   1  messages received
                   1  signals received
                3074  voluntary context switches
               41174  involuntary context switches
           116319466  instructions retired
            45912121  cycles elapsed
            12387584  peak memory footprint
